*****************************************************************************************************************************************
* ID           * COUNTRY      * ZIP        * NAME                 * DOB                      * EMAIL                                    *
*****************************************************************************************************************************************
